[s-t-stairs.webware.io/index.html]
[dvm0q8ak413bh.cloudfront.net/data/org/26228/theme/43706/img/apple-touch-icon-57x57.png]
[dvm0q8ak413bh.cloudfront.net/data/org/26228/theme/43706/img/apple-touch-icon-60x60.png]
[dvm0q8ak413bh.cloudfront.net/data/org/26228/theme/43706/img/apple-touch-icon-72x72.png]
[dvm0q8ak413bh.cloudfront.net/data/org/26228/theme/43706/img/apple-touch-icon-76x76.png]
[dvm0q8ak413bh.cloudfront.net/data/org/26228/theme/43706/img/apple-touch-icon-114x114.png]
[dvm0q8ak413bh.cloudfront.net/data/org/26228/theme/43706/img/apple-touch-icon-120x120.png]
[dvm0q8ak413bh.cloudfront.net/data/org/26228/theme/43706/img/apple-touch-icon-144x144.png]
[dvm0q8ak413bh.cloudfront.net/data/org/26228/theme/43706/img/apple-touch-icon-152x152.png]
[dvm0q8ak413bh.cloudfront.net/data/org/26228/theme/43706/img/apple-touch-icon-167x167.png]
[dvm0q8ak413bh.cloudfront.net/data/org/26228/theme/43706/img/apple-touch-icon.png]
[dvm0q8ak413bh.cloudfront.net/data/org/26228/theme/43706/img/apple-touch-icon-192x192.png]
[dvm0q8ak413bh.cloudfront.net/data/org/26228/theme/43706/img/apple-touch-icon-512x512.png]
[dvm0q8ak413bh.cloudfront.net/data/org/26228/theme/43706/img/android-chrome-192x192.png]
[dvm0q8ak413bh.cloudfront.net/data/org/26228/theme/43706/img/android-chrome-512x512.png]
[dvm0q8ak413bh.cloudfront.net/data/org/26228/theme/43706/img/favicon.png]
[dvm0q8ak413bh.cloudfront.net/data/org/26228/theme/43706/img/favicon-192x192.png]
[dvm0q8ak413bh.cloudfront.net/data/org/26228/theme/43706/img/favicon-32x32.png]
[dvm0q8ak413bh.cloudfront.net/data/org/26228/theme/43706/img/favicon-16x16.png]
[dvm0q8ak413bh.cloudfront.net/data/org/26228/theme/43706/img/favicon-48x48.png]
[s-t-stairs.webware.io/i18nfronte3c5.js]
[s-t-stairs.webware.io/data/global/media/static/min/c62f0ad8d9467022f2116c5f780121029fb0542bc25e3bb6065fe42fbc776dd2.css]
[s-t-stairs.webware.io/site.webmanifest]
[d14ty28lkqz1hw.cloudfront.net/data/org/26228/theme/43706/css/page-type.css]
[d14ty28lkqz1hw.cloudfront.net/data/org/26228/theme/43706/css/jquery.bxslider.css]
[d14ty28lkqz1hw.cloudfront.net/data/org/26228/theme/43706/css/foundation-6.6.3.css]
[d14ty28lkqz1hw.cloudfront.net/data/org/26228/theme/43706/css/site.css]
[dvm0q8ak413bh.cloudfront.net/data/global/media/static/vendor/jquery-ui/1.12.1.base.theme/jquery-ui.min.css]
[dvm0q8ak413bh.cloudfront.net/data/global/media/static/vendor/intl-tel-input/16.0.11/intl-tel-input.min.css]
[dvm0q8ak413bh.cloudfront.net/data/global/media/static/vendor/system-forms/1.0.0/system-forms.css]
[dvm0q8ak413bh.cloudfront.net/data/global/media/static/vendor/ps.quick-review/1.0.0/ps.quick-review.css]
[backblue.gif]
[fade.gif]
[index.html]
[s-t-stairs.webware.io/data/global/media/static/min/c3b51dfa00edae5532f6ca18e45f808b2d83a89f6dd0897248ab7c70c809f32d.js]
[d14ty28lkqz1hw.cloudfront.net/data/org/26228/theme/43706/img/logo.png]
[s-t-stairs.webware.io/pages/contact-residential-carpentry-company-barrie-ontario.html]
[s-t-stairs.webware.io/contentbuilder/assets/previews/header/header4-placeholder.png]
[s-t-stairs.webware.io/pages/services.html]
[s-t-stairs.webware.io/pages/services/barrie-residential-hardwood-flooring-installation.html]
[s-t-stairs.webware.io/pages/services/barrie-residential-laminate-flooring-installation.html]
[s-t-stairs.webware.io/pages/services/barrie-residential-vinyl-flooring-installation.html]
[s-t-stairs.webware.io/pages/services/barrie-residential-stair-recapping.html]
[s-t-stairs.webware.io/pages/services/barrie-residential-handrail-balusters-installation.html]
[s-t-stairs.webware.io/pages/services/barrie-residential-baseboard-shoe-mold-installation.html]
[s-t-stairs.webware.io/pages/services/barrie-residential-door-window-trim-installation.html]
[s-t-stairs.webware.io/pages/about-residential-carpentry-company-barrie-ontario.html]
[s-t-stairs.webware.io/pages/frequently-asked-questions.html]
[s-t-stairs.webware.io/pages/barrie-residential-flooring-stair-recapping-gallery-portfolio.html]
[s-t-stairs.webware.io/pages/service-areas.html]
[s-t-stairs.webware.io/pages/service-areas/north-york-residential-carpentry-flooring-stair-recapping-services.html]
[s-t-stairs.webware.io/pages/service-areas/newmarket-residential-carpentry-flooring-stair-recapping-services.html]
[s-t-stairs.webware.io/pages/service-areas/toronto-residential-carpentry-flooring-stair-recapping-services.html]
[s-t-stairs.webware.io/pages/service-areas/barrie-residential-carpentry-flooring-stair-recapping-services.html]
[s-t-stairs.webware.io/pages/service-areas/bradford-residential-carpentry-flooring-stair-recapping-services.html]
[s-t-stairs.webware.io/pages/reviews.html]
[s-t-stairs.webware.io/blogs/blog.html]
[dvm0q8ak413bh.cloudfront.net/data/global/media/static/vendor/jquery/3.4.1/jquery.min.js]
[dvm0q8ak413bh.cloudfront.net/data/global/media/static/vendor/foundation/6.6.3/foundation.min.js]
[s-t-stairs.webware.io/index691d.html]
[dvm0q8ak413bh.cloudfront.net/data/global/media/static/vendor/jquery-ui/1.12.1/jquery-ui.min.js]
[dvm0q8ak413bh.cloudfront.net/data/global/media/static/vendor/jquery.artarax.rating.star/1.0.0/jquery.artarax.rating.star.js]
[dvm0q8ak413bh.cloudfront.net/data/global/media/static/vendor/intl-tel-input/16.0.11/intl-tel-input.min.js]
[dvm0q8ak413bh.cloudfront.net/data/global/media/static/vendor/system-forms/1.0.0/system-forms.js]
[www.google.com/recaptcha/api.js]
[static.filestackapi.com/filestack-js/3.x.x/filestack.min.js]
[dvm0q8ak413bh.cloudfront.net/data/global/media/static/vendor/jquery.bxslider/4.2.12/jquery.bxslider.min.js]
[d14ty28lkqz1hw.cloudfront.net/data/org/26228/theme/43706/js/site.js]
[s-t-stairs.webware.io/services/javascripts/currencies.js]
[dvm0q8ak413bh.cloudfront.net/data/global/media/static/vendor/currency-converter/1.0.0/currency-converter.js]
[s-t-stairs.webware.io/data/global/media/static/min/e70f72bc3462ebee0787b4a8bba2b99fe665f6dbf68c6da42cce45ae92b97c39.js]
[dvm0q8ak413bh.cloudfront.net/data/global/media/static/vendor/app/4.0.0/app.js]
[dvm0q8ak413bh.cloudfront.net/data/global/media/static/vendor/ps.filepick/1.0.0/ps.filepick.js]
[dvm0q8ak413bh.cloudfront.net/contentbox/box/box.min.js]
[dvm0q8ak413bh.cloudfront.net/data/global/media/static/vendor/ps.lazyframe/1.0.0/ps.lazyframe.js]
[www.google.com/recaptcha/api91d8.js]
[s-t-stairs.webware.io/index.html]
[s-t-stairs.webware.io/data/global/media/static/min/fonts/fontawesome/5.15.1/fa-brands-400.eot]
[s-t-stairs.webware.io/data/global/media/static/min/fonts/fontawesome/5.15.1/fa-brands-400d41d.eot]
[s-t-stairs.webware.io/data/global/media/static/min/fonts/fontawesome/5.15.1/fa-brands-400.woff2]
[s-t-stairs.webware.io/data/global/media/static/min/fonts/fontawesome/5.15.1/fa-brands-400.woff]
[s-t-stairs.webware.io/data/global/media/static/min/fonts/fontawesome/5.15.1/fa-brands-400.ttf]
[s-t-stairs.webware.io/data/global/media/static/min/fonts/fontawesome/5.15.1/fa-brands-400.svg]
[s-t-stairs.webware.io/data/global/media/static/min/fonts/fontawesome/5.15.1/fa-duotone-900.eot]
[s-t-stairs.webware.io/data/global/media/static/min/fonts/fontawesome/5.15.1/fa-duotone-900d41d.eot]
[s-t-stairs.webware.io/data/global/media/static/min/fonts/fontawesome/5.15.1/fa-duotone-900.woff2]
[s-t-stairs.webware.io/data/global/media/static/min/fonts/fontawesome/5.15.1/fa-duotone-900.woff]
[s-t-stairs.webware.io/data/global/media/static/min/fonts/fontawesome/5.15.1/fa-duotone-900.ttf]
[s-t-stairs.webware.io/data/global/media/static/min/fonts/fontawesome/5.15.1/fa-duotone-900.svg]
[s-t-stairs.webware.io/data/global/media/static/min/fonts/fontawesome/5.15.1/fa-light-300.eot]
[s-t-stairs.webware.io/data/global/media/static/min/fonts/fontawesome/5.15.1/fa-light-300d41d.eot]
[s-t-stairs.webware.io/data/global/media/static/min/fonts/fontawesome/5.15.1/fa-light-300.woff2]
[s-t-stairs.webware.io/data/global/media/static/min/fonts/fontawesome/5.15.1/fa-light-300.ttf]
[s-t-stairs.webware.io/data/global/media/static/min/fonts/fontawesome/5.15.1/fa-regular-400.eot]
[s-t-stairs.webware.io/data/global/media/static/min/fonts/fontawesome/5.15.1/fa-light-300.svg]
[s-t-stairs.webware.io/data/global/media/static/min/fonts/fontawesome/5.15.1/fa-regular-400d41d.eot]
[s-t-stairs.webware.io/data/global/media/static/min/fonts/fontawesome/5.15.1/fa-regular-400.woff2]
[s-t-stairs.webware.io/data/global/media/static/min/fonts/fontawesome/5.15.1/fa-regular-400.woff]
[s-t-stairs.webware.io/data/global/media/static/min/fonts/fontawesome/5.15.1/fa-regular-400.ttf]
[s-t-stairs.webware.io/data/global/media/static/min/fonts/fontawesome/5.15.1/fa-regular-400.svg]
[s-t-stairs.webware.io/data/global/media/static/min/fonts/fontawesome/5.15.1/fa-solid-900.eot]
[s-t-stairs.webware.io/data/global/media/static/min/fonts/fontawesome/5.15.1/fa-solid-900d41d.eot]
[s-t-stairs.webware.io/data/global/media/static/min/fonts/fontawesome/5.15.1/fa-solid-900.woff2]
[s-t-stairs.webware.io/data/global/media/static/min/fonts/fontawesome/5.15.1/fa-solid-900.woff]
[s-t-stairs.webware.io/data/global/media/static/min/fonts/fontawesome/5.15.1/fa-solid-900.ttf]
[s-t-stairs.webware.io/data/global/media/static/min/fonts/ionicons/ionicons28b5.eot]
[s-t-stairs.webware.io/data/global/media/static/min/fonts/fontawesome/5.15.1/fa-solid-900.svg]
[s-t-stairs.webware.io/data/global/media/static/min/fonts/ionicons/ionicons28b5.ttf]
[s-t-stairs.webware.io/data/global/media/static/min/fonts/ionicons/ionicons28b5.woff]
[s-t-stairs.webware.io/data/global/media/static/min/c62f0ad8d9467022f2116c5f780121029fb0542bc25e3bb6065fe42fbc776dd2.css]
[d14ty28lkqz1hw.cloudfront.net/data/org/26228/theme/43706/css/page-type.css]
[d14ty28lkqz1hw.cloudfront.net/data/org/26228/theme/43706/css/jquery.bxslider.css]
[d14ty28lkqz1hw.cloudfront.net/data/org/26228/theme/43706/css/foundation-6.6.3.css]
[d14ty28lkqz1hw.cloudfront.net/data/org/26228/theme/43706/css/site.css]
[dvm0q8ak413bh.cloudfront.net/data/global/media/static/vendor/jquery-ui/1.12.1.base.theme/jquery-ui.min.css]
[s-t-stairs.webware.io/data/global/media/static/min/fonts/ionicons/ionicons28b5.svg]
[dvm0q8ak413bh.cloudfront.net/data/global/media/static/vendor/intl-tel-input/16.0.11/flags.png]
[dvm0q8ak413bh.cloudfront.net/data/global/media/static/vendor/intl-tel-input/16.0.11/flags@2x.png]
[dvm0q8ak413bh.cloudfront.net/data/global/media/static/vendor/intl-tel-input/16.0.11/intl-tel-input.min.css]
[dvm0q8ak413bh.cloudfront.net/data/global/media/static/vendor/system-forms/1.0.0/system-forms.css]
[dvm0q8ak413bh.cloudfront.net/data/global/media/static/vendor/ps.quick-review/1.0.0/ps.quick-review.css]
[s-t-stairs.webware.io/pages/contact-residential-carpentry-company-barrie-ontario.html]
[s-t-stairs.webware.io/i18nfrontb046.js]
[s-t-stairs.webware.io/i18nfrontb17d.js]
[s-t-stairs.webware.io/pages/services.html]
[s-t-stairs.webware.io/pages/services/barrie-residential-hardwood-flooring-installation.html]
[s-t-stairs.webware.io/i18nfront4048.js]
[s-t-stairs.webware.io/pages/services/barrie-residential-laminate-flooring-installation.html]
[s-t-stairs.webware.io/i18nfrontf066.js]
[s-t-stairs.webware.io/pages/services/barrie-residential-vinyl-flooring-installation.html]
[s-t-stairs.webware.io/i18nfrontd3f2.js]
[s-t-stairs.webware.io/pages/services/barrie-residential-stair-recapping.html]
[s-t-stairs.webware.io/i18nfront2158.js]
[s-t-stairs.webware.io/pages/services/barrie-residential-handrail-balusters-installation.html]
[s-t-stairs.webware.io/i18nfrontb6c0.js]
[s-t-stairs.webware.io/pages/services/barrie-residential-baseboard-shoe-mold-installation.html]
[s-t-stairs.webware.io/i18nfrontf850.js]
[s-t-stairs.webware.io/pages/services/barrie-residential-door-window-trim-installation.html]
[s-t-stairs.webware.io/i18nfront4c13.js]
[s-t-stairs.webware.io/pages/about-residential-carpentry-company-barrie-ontario.html]
[s-t-stairs.webware.io/i18nfrontd1e3.js]
[s-t-stairs.webware.io/pages/frequently-asked-questions.html]
[s-t-stairs.webware.io/i18nfronte644.js]
[s-t-stairs.webware.io/i18nfront65d8.js]
[dvm0q8ak413bh.cloudfront.net/data/global/media/static/vendor/glightbox/3.0.4/glightbox.css]
[s-t-stairs.webware.io/pages/barrie-residential-flooring-stair-recapping-gallery-portfolio.html]
[dvm0q8ak413bh.cloudfront.net/data/global/media/static/vendor/glightbox/3.0.4/glightbox.js]
[s-t-stairs.webware.io/pages/service-areas.html]
[s-t-stairs.webware.io/i18nfrontb0b6.js]
[s-t-stairs.webware.io/pages/service-areas/north-york-residential-carpentry-flooring-stair-recapping-services.html]
[s-t-stairs.webware.io/i18nfront41b6.js]
[s-t-stairs.webware.io/pages/service-areas/newmarket-residential-carpentry-flooring-stair-recapping-services.html]
[s-t-stairs.webware.io/i18nfront55f6.js]
[s-t-stairs.webware.io/pages/service-areas/toronto-residential-carpentry-flooring-stair-recapping-services.html]
[s-t-stairs.webware.io/i18nfront2f8b.js]
[d2wvwvig0d1mx7.cloudfront.net/data/org/26228/media/img/source/edit/3248403_edit.jpg]
[s-t-stairs.webware.io/i18nfront12d7.js]
[d2wvwvig0d1mx7.cloudfront.net/data/org/26228/media/img/source/edit/3248402_edit.jpg]
[d2wvwvig0d1mx7.cloudfront.net/data/org/26228/media/img/source/edit/3248404_edit.jpg]
[d2wvwvig0d1mx7.cloudfront.net/data/org/26228/media/img/source/edit/3248405_edit.jpg]
[s-t-stairs.webware.io/pages/service-areas/barrie-residential-carpentry-flooring-stair-recapping-services.html]
[s-t-stairs.webware.io/pages/service-areas/bradford-residential-carpentry-flooring-stair-recapping-services.html]
[s-t-stairs.webware.io/i18nfrontac2a.js]
[s-t-stairs.webware.io/i18nfronta30a.js]
[dvm0q8ak413bh.cloudfront.net/data/global/media/img/placeholder-image.png]
[s-t-stairs.webware.io/pages/reviews.html]
[s-t-stairs.webware.io/i18nfront310c.js]
[s-t-stairs.webware.io/index8c22.html]
[s-t-stairs.webware.io/blogs/blog.atom]
[dvm0q8ak413bh.cloudfront.net/data/org/26228/media/img/cache/1000x0/3015111_1000x0.png]
[s-t-stairs.webware.io/blogs/blog/1159679-the-complete-guide-to-baseboard-types--which-is-right-for-your-home.html]
[dvm0q8ak413bh.cloudfront.net/data/org/26228/media/img/cache/1000x0/3015095_1000x0.png]
[s-t-stairs.webware.io/blogs/blog/1159671-baluster-installation-for-safety-in-homes-with-children-and-pets.html]
[s-t-stairs.webware.io/blogs/blog.html]
[s-t-stairs.webware.io/blogs/blog/1112241-benefits-of-hiring-a-professional-carpentry-service.html]
[s-t-stairs.webware.io/i18nfront0ab1.js]
[dvm0q8ak413bh.cloudfront.net/data/global/media/static/vendor/intl-tel-input/15.0.0/intl-tel-input.min.css]
[dvm0q8ak413bh.cloudfront.net/data/global/media/static/vendor/intl-tel-input/15.0.0/intl-tel-input.min.js]
[s-t-stairs.webware.io/index691d.html]
[s-t-stairs.webware.io/data/global/media/static/min/fonts/fontawesome/5.15.1/fa-brands-400.svg]
[s-t-stairs.webware.io/data/global/media/static/min/fonts/fontawesome/5.15.1/fa-duotone-900.svg]
[s-t-stairs.webware.io/data/global/media/static/min/fonts/fontawesome/5.15.1/fa-light-300.html]
[s-t-stairs.webware.io/data/global/media/static/min/fonts/fontawesome/5.15.1/fa-light-300.svg]
[s-t-stairs.webware.io/data/global/media/static/min/fonts/fontawesome/5.15.1/fa-regular-400.svg]
[s-t-stairs.webware.io/data/global/media/static/min/fonts/fontawesome/5.15.1/fa-solid-900.svg]
[s-t-stairs.webware.io/data/global/media/static/min/fonts/ionicons/ionicons28b5.svg]
[d14ty28lkqz1hw.cloudfront.net/data/org/26228/theme/43706/img/footer_bg.jpg]
[dvm0q8ak413bh.cloudfront.net/data/global/media/static/vendor/glightbox/3.0.4/glightbox.css]
[s-t-stairs.webware.io/index8c22.html]
[s-t-stairs.webware.io/i18nfrontdbeb.js]
[s-t-stairs.webware.io/blogs/blog/1159679-the-complete-guide-to-baseboard-types--which-is-right-for-your-home.html]
[s-t-stairs.webware.io/i18nfront1141.js]
[s-t-stairs.webware.io/blogs/blog/1159671-baluster-installation-for-safety-in-homes-with-children-and-pets.html]
[s-t-stairs.webware.io/i18nfront924a.js]
[s-t-stairs.webware.io/blogs/blog/1112241-benefits-of-hiring-a-professional-carpentry-service.html]
[s-t-stairs.webware.io/i18nfront070e.js]
[dvm0q8ak413bh.cloudfront.net/data/global/media/static/vendor/intl-tel-input/15.0.0/images/flags.png]
[dvm0q8ak413bh.cloudfront.net/data/global/media/static/vendor/intl-tel-input/15.0.0/images/flags@2x.png]
[dvm0q8ak413bh.cloudfront.net/data/global/media/static/vendor/intl-tel-input/15.0.0/intl-tel-input.min.css]
[s7.addthis.com/js/300/addthis_widget.js]
